Copyright 1986-2020 Xilinx, Inc. All Rights Reserved.
-------------------------------------------------------------------------------------
| Tool Version : Vivado v.2020.1 (win64) Build 2902540 Wed May 27 19:54:49 MDT 2020
| Date         : Tue Nov 17 16:55:10 2020
| Host         : DESKTOP-QP819M2 running 64-bit major release  (build 9200)
| Command      : report_control_sets -verbose -file au_top_0_control_sets_placed.rpt
| Design       : au_top_0
| Device       : xc7a35t
-------------------------------------------------------------------------------------

Control Set Information

Table of Contents
-----------------
1. Summary
2. Histogram
3. Flip-Flop Distribution
4. Detailed Control Set Information

1. Summary
----------

+----------------------------------------------------------+-------+
|                          Status                          | Count |
+----------------------------------------------------------+-------+
| Total control sets                                       |    12 |
|    Minimum number of control sets                        |    12 |
|    Addition due to synthesis replication                 |     0 |
|    Addition due to physical synthesis replication        |     0 |
| Unused register locations in slices containing registers |    39 |
+----------------------------------------------------------+-------+
* Control sets can be merged at opt_design using control_set_merge or merge_equivalent_drivers
** Run report_qor_suggestions for automated merging and remapping suggestions


2. Histogram
------------

+--------------------+-------+
|       Fanout       | Count |
+--------------------+-------+
| Total control sets |    12 |
| >= 0 to < 4        |     0 |
| >= 4 to < 6        |     6 |
| >= 6 to < 8        |     1 |
| >= 8 to < 10       |     0 |
| >= 10 to < 12      |     1 |
| >= 12 to < 14      |     0 |
| >= 14 to < 16      |     0 |
| >= 16              |     4 |
+--------------------+-------+
* Control sets can be remapped at either synth_design or opt_design


3. Flip-Flop Distribution
-------------------------

+--------------+-----------------------+------------------------+-----------------+--------------+
| Clock Enable | Synchronous Set/Reset | Asynchronous Set/Reset | Total Registers | Total Slices |
+--------------+-----------------------+------------------------+-----------------+--------------+
| No           | No                    | No                     |              11 |            6 |
| No           | No                    | Yes                    |               0 |            0 |
| No           | Yes                   | No                     |              75 |           21 |
| Yes          | No                    | No                     |               0 |            0 |
| Yes          | No                    | Yes                    |               0 |            0 |
| Yes          | Yes                   | No                     |              91 |           31 |
+--------------+-----------------------+------------------------+-----------------+--------------+


4. Detailed Control Set Information
-----------------------------------

+----------------+----------------------------------------------------------------------+--------------------------------------+------------------+----------------+--------------+
|  Clock Signal  |                             Enable Signal                            |           Set/Reset Signal           | Slice Load Count | Bel Load Count | Bels / Slice |
+----------------+----------------------------------------------------------------------+--------------------------------------+------------------+----------------+--------------+
|  clk_IBUF_BUFG |                                                                      | reset_cond/M_reset_cond_in           |                2 |              4 |         2.00 |
|  clk_IBUF_BUFG | gameMachine/game_controlunit/FSM_sequential_M_game_fsm_q_reg[5]_1[0] | reset_cond/Q[0]                      |                3 |              5 |         1.67 |
|  clk_IBUF_BUFG | gameMachine/game_controlunit/FSM_sequential_M_game_fsm_q_reg[0]_0[0] | reset_cond/Q[0]                      |                2 |              5 |         2.50 |
|  clk_IBUF_BUFG | gameMachine/game_controlunit/FSM_sequential_M_game_fsm_q_reg[1]_1[0] | reset_cond/Q[0]                      |                2 |              5 |         2.50 |
|  clk_IBUF_BUFG | gameMachine/game_controlunit/FSM_sequential_M_game_fsm_q_reg[1]_0[0] | reset_cond/Q[0]                      |                2 |              5 |         2.50 |
|  clk_IBUF_BUFG | gameMachine/game_controlunit/E[0]                                    | reset_cond/Q[0]                      |                2 |              5 |         2.50 |
|  clk_IBUF_BUFG | gameMachine/game_controlunit/FSM_sequential_M_game_fsm_q[5]_i_1_n_0  | reset_cond/Q[0]                      |                5 |              6 |         1.20 |
|  clk_IBUF_BUFG |                                                                      |                                      |                6 |             11 |         1.83 |
|  clk_IBUF_BUFG | btn_cond_down/M_ctr_q_reg[1]_0                                       | btn_cond_down/sync/M_pipe_q_reg[1]_0 |                5 |             20 |         4.00 |
|  clk_IBUF_BUFG | btn_cond_mid/M_ctr_q_reg[1]_0                                        | btn_cond_mid/sync/M_pipe_q_reg[1]_0  |                5 |             20 |         4.00 |
|  clk_IBUF_BUFG | btn_cond_up/sel                                                      | btn_cond_up/sync/clear               |                5 |             20 |         4.00 |
|  clk_IBUF_BUFG |                                                                      | reset_cond/Q[0]                      |               19 |             71 |         3.74 |
+----------------+----------------------------------------------------------------------+--------------------------------------+------------------+----------------+--------------+


