mig_7series_0: mig_7series_0_mig__GC0, mig_7series_v4_2_memc_ui_top_std__GC0, mig_7series_v4_2_ddr_phy_top__GC0, mig_7series_v4_2_ddr_mc_phy_wrapper__GC0, mig_7series_v4_2_ddr_mc_phy__GC0, mig_7series_v4_2_ddr_phy_4lanes__GC0, mig_7series_v4_2_ddr_byte_lane__GC0, mig_7series_v4_2_mc, 
mig_7series_0_mig: mig_7series_0_mig__GC0, mig_7series_v4_2_memc_ui_top_std__GC0, mig_7series_v4_2_ddr_phy_top__GC0, mig_7series_v4_2_ddr_mc_phy_wrapper__GC0, mig_7series_v4_2_ddr_mc_phy__GC0, mig_7series_v4_2_ddr_phy_4lanes__GC0, mig_7series_v4_2_ddr_byte_lane__GC0, mig_7series_v4_2_mc, 
mig_7series_v4_2_memc_ui_top_std: mig_7series_v4_2_memc_ui_top_std__GC0, mig_7series_v4_2_ddr_phy_top__GC0, mig_7series_v4_2_ddr_mc_phy_wrapper__GC0, mig_7series_v4_2_ddr_mc_phy__GC0, mig_7series_v4_2_ddr_phy_4lanes__GC0, mig_7series_v4_2_ddr_byte_lane__GC0, mig_7series_v4_2_mc, 
mig_7series_v4_2_mem_intfc: mig_7series_v4_2_ddr_phy_top__GC0, mig_7series_v4_2_ddr_mc_phy_wrapper__GC0, mig_7series_v4_2_ddr_mc_phy__GC0, mig_7series_v4_2_ddr_phy_4lanes__GC0, mig_7series_v4_2_ddr_byte_lane__GC0, mig_7series_v4_2_mc, 
mig_7series_v4_2_ddr_phy_top: mig_7series_v4_2_ddr_phy_top__GC0, mig_7series_v4_2_ddr_mc_phy_wrapper__GC0, mig_7series_v4_2_ddr_mc_phy__GC0, mig_7series_v4_2_ddr_phy_4lanes__GC0, mig_7series_v4_2_ddr_byte_lane__GC0, 
mig_7series_v4_2_ddr_mc_phy_wrapper: mig_7series_v4_2_ddr_mc_phy_wrapper__GC0, mig_7series_v4_2_ddr_mc_phy__GC0, mig_7series_v4_2_ddr_phy_4lanes__GC0, mig_7series_v4_2_ddr_byte_lane__GC0, 
mig_7series_v4_2_ddr_mc_phy: mig_7series_v4_2_ddr_mc_phy__GC0, mig_7series_v4_2_ddr_phy_4lanes__GC0, mig_7series_v4_2_ddr_byte_lane__GC0, 
mig_7series_v4_2_ddr_phy_4lanes: mig_7series_v4_2_ddr_phy_4lanes__GC0, mig_7series_v4_2_ddr_byte_lane__GC0, 
mig_7series_v4_2_ddr_byte_lane: mig_7series_v4_2_ddr_byte_lane__GC0, 
